Scanning dependencies of target PISTACHE
[  3%] Creating directories for 'PISTACHE'
[  6%] Performing download step (git clone) for 'PISTACHE'
Cloning into 'PISTACHE'...
Already on 'master'
Your branch is up to date with 'origin/master'.
Submodule 'third-party/googletest' (https://github.com/google/googletest.git) registered for path 'third-party/googletest'
Submodule 'third-party/rapidjson' (https://github.com/Tencent/rapidjson) registered for path 'third-party/rapidjson'
Cloning into '/home/cigarier/Desktop/Mp2-BwManagementApi/src/mp2/build/PISTACHE-prefix/src/PISTACHE/third-party/googletest'...
Cloning into '/home/cigarier/Desktop/Mp2-BwManagementApi/src/mp2/build/PISTACHE-prefix/src/PISTACHE/third-party/rapidjson'...
Submodule path 'third-party/googletest': checked out 'c99458533a9b4c743ed51537e25989ea55944908'
Submodule path 'third-party/rapidjson': checked out 'f54b0e47a08782a6131cc3d60f94d038fa6e0a51'
Submodule 'thirdparty/gtest' (https://github.com/google/googletest.git) registered for path 'third-party/rapidjson/thirdparty/gtest'
Cloning into '/home/cigarier/Desktop/Mp2-BwManagementApi/src/mp2/build/PISTACHE-prefix/src/PISTACHE/third-party/rapidjson/thirdparty/gtest'...
Submodule path 'third-party/rapidjson/thirdparty/gtest': checked out '0a439623f75c029912728d80cb7f1b8b48739ca4'
[ 10%] No patch step for 'PISTACHE'
[ 13%] Performing update step for 'PISTACHE'
Current branch master is up to date.
[ 16%] Performing configure step for 'PISTACHE'
-- The C compiler identification is GNU 7.3.0
-- The CXX compiler identification is GNU 7.3.0
-- Check for working C compiler: /usr/bin/cc
-- Check for working C compiler: /usr/bin/cc -- works
-- Detecting C compiler ABI info
-- Detecting C compiler ABI info - done
-- Detecting C compile features
-- Detecting C compile features - done
-- Check for working CXX compiler: /usr/bin/c++
-- Check for working CXX compiler: /usr/bin/c++ -- works
-- Detecting CXX compiler ABI info
-- Detecting CXX compiler ABI info - done
-- Detecting CXX compile features
-- Detecting CXX compile features - done
-- Cppcheck not found
-- Configuring done
-- Generating done
-- Build files have been written to: /home/cigarier/Desktop/Mp2-BwManagementApi/src/mp2/build/PISTACHE-prefix/src/PISTACHE-build
[ 20%] Performing build step for 'PISTACHE'
Scanning dependencies of target pistache
[  4%] Building CXX object src/CMakeFiles/pistache.dir/common/cookie.cc.o
[  9%] Building CXX object src/CMakeFiles/pistache.dir/common/description.cc.o
[ 14%] Building CXX object src/CMakeFiles/pistache.dir/common/http.cc.o
[ 19%] Building CXX object src/CMakeFiles/pistache.dir/common/http_defs.cc.o
[ 23%] Building CXX object src/CMakeFiles/pistache.dir/common/http_header.cc.o
[ 28%] Building CXX object src/CMakeFiles/pistache.dir/common/http_headers.cc.o
[ 33%] Building CXX object src/CMakeFiles/pistache.dir/common/mime.cc.o
[ 38%] Building CXX object src/CMakeFiles/pistache.dir/common/net.cc.o
[ 42%] Building CXX object src/CMakeFiles/pistache.dir/common/os.cc.o
[ 47%] Building CXX object src/CMakeFiles/pistache.dir/common/peer.cc.o
[ 52%] Building CXX object src/CMakeFiles/pistache.dir/common/reactor.cc.o
[ 57%] Building CXX object src/CMakeFiles/pistache.dir/common/stream.cc.o
[ 61%] Building CXX object src/CMakeFiles/pistache.dir/common/tcp.cc.o
[ 66%] Building CXX object src/CMakeFiles/pistache.dir/common/timer_pool.cc.o
[ 71%] Building CXX object src/CMakeFiles/pistache.dir/common/transport.cc.o
[ 76%] Building CXX object src/CMakeFiles/pistache.dir/server/endpoint.cc.o
[ 80%] Building CXX object src/CMakeFiles/pistache.dir/server/listener.cc.o
[ 85%] Building CXX object src/CMakeFiles/pistache.dir/server/router.cc.o
[ 90%] Building CXX object src/CMakeFiles/pistache.dir/client/client.cc.o
[ 90%] Built target pistache
Scanning dependencies of target pistache_static
[ 95%] Linking CXX static library libpistache.a
[ 95%] Built target pistache_static
Scanning dependencies of target pistache_shared
[100%] Linking CXX shared library libpistache.so
[100%] Built target pistache_shared
[ 23%] Performing install step for 'PISTACHE'
[ 90%] Built target pistache
[ 95%] Built target pistache_static
[100%] Built target pistache_shared
Install the project...
-- Install configuration: "Release"
-- Installing: /home/cigarier/Desktop/Mp2-BwManagementApi/src/mp2/external/include/pistache/version.h
-- Installing: /home/cigarier/Desktop/Mp2-BwManagementApi/src/mp2/external/lib/pkgconfig/libpistache.pc
-- Installing: /home/cigarier/Desktop/Mp2-BwManagementApi/src/mp2/external/lib/libpistache.so.0.0.001
-- Up-to-date: /home/cigarier/Desktop/Mp2-BwManagementApi/src/mp2/external/lib/libpistache.so.0
-- Up-to-date: /home/cigarier/Desktop/Mp2-BwManagementApi/src/mp2/external/lib/libpistache.so
-- Up-to-date: /home/cigarier/Desktop/Mp2-BwManagementApi/src/mp2/external/include/pistache
-- Installing: /home/cigarier/Desktop/Mp2-BwManagementApi/src/mp2/external/include/pistache/os.h
-- Installing: /home/cigarier/Desktop/Mp2-BwManagementApi/src/mp2/external/include/pistache/endpoint.h
-- Installing: /home/cigarier/Desktop/Mp2-BwManagementApi/src/mp2/external/include/pistache/date.h
-- Installing: /home/cigarier/Desktop/Mp2-BwManagementApi/src/mp2/external/include/pistache/client.h
-- Installing: /home/cigarier/Desktop/Mp2-BwManagementApi/src/mp2/external/include/pistache/http.h
-- Installing: /home/cigarier/Desktop/Mp2-BwManagementApi/src/mp2/external/include/pistache/http_defs.h
-- Installing: /home/cigarier/Desktop/Mp2-BwManagementApi/src/mp2/external/include/pistache/description.h
-- Installing: /home/cigarier/Desktop/Mp2-BwManagementApi/src/mp2/external/include/pistache/peer.h
-- Installing: /home/cigarier/Desktop/Mp2-BwManagementApi/src/mp2/external/include/pistache/async.h
-- Installing: /home/cigarier/Desktop/Mp2-BwManagementApi/src/mp2/external/include/pistache/config.h
-- Installing: /home/cigarier/Desktop/Mp2-BwManagementApi/src/mp2/external/include/pistache/stream.h
-- Installing: /home/cigarier/Desktop/Mp2-BwManagementApi/src/mp2/external/include/pistache/http_headers.h
-- Installing: /home/cigarier/Desktop/Mp2-BwManagementApi/src/mp2/external/include/pistache/typeid.h
-- Installing: /home/cigarier/Desktop/Mp2-BwManagementApi/src/mp2/external/include/pistache/timer_pool.h
-- Installing: /home/cigarier/Desktop/Mp2-BwManagementApi/src/mp2/external/include/pistache/listener.h
-- Installing: /home/cigarier/Desktop/Mp2-BwManagementApi/src/mp2/external/include/pistache/reactor.h
-- Installing: /home/cigarier/Desktop/Mp2-BwManagementApi/src/mp2/external/include/pistache/mime.h
-- Installing: /home/cigarier/Desktop/Mp2-BwManagementApi/src/mp2/external/include/pistache/iterator_adapter.h
-- Installing: /home/cigarier/Desktop/Mp2-BwManagementApi/src/mp2/external/include/pistache/common.h
-- Installing: /home/cigarier/Desktop/Mp2-BwManagementApi/src/mp2/external/include/pistache/net.h
-- Installing: /home/cigarier/Desktop/Mp2-BwManagementApi/src/mp2/external/include/pistache/flags.h
-- Installing: /home/cigarier/Desktop/Mp2-BwManagementApi/src/mp2/external/include/pistache/tcp.h
-- Up-to-date: /home/cigarier/Desktop/Mp2-BwManagementApi/src/mp2/external/include/pistache/serializer
-- Installing: /home/cigarier/Desktop/Mp2-BwManagementApi/src/mp2/external/include/pistache/serializer/rapidjson.h
-- Installing: /home/cigarier/Desktop/Mp2-BwManagementApi/src/mp2/external/include/pistache/http_header.h
-- Installing: /home/cigarier/Desktop/Mp2-BwManagementApi/src/mp2/external/include/pistache/transport.h
-- Installing: /home/cigarier/Desktop/Mp2-BwManagementApi/src/mp2/external/include/pistache/type_checkers.h
-- Installing: /home/cigarier/Desktop/Mp2-BwManagementApi/src/mp2/external/include/pistache/route_bind.h
-- Installing: /home/cigarier/Desktop/Mp2-BwManagementApi/src/mp2/external/include/pistache/string_view.h
-- Installing: /home/cigarier/Desktop/Mp2-BwManagementApi/src/mp2/external/include/pistache/optional.h
-- Installing: /home/cigarier/Desktop/Mp2-BwManagementApi/src/mp2/external/include/pistache/errors.h
-- Installing: /home/cigarier/Desktop/Mp2-BwManagementApi/src/mp2/external/include/pistache/router.h
-- Installing: /home/cigarier/Desktop/Mp2-BwManagementApi/src/mp2/external/include/pistache/view.h
-- Installing: /home/cigarier/Desktop/Mp2-BwManagementApi/src/mp2/external/include/pistache/mailbox.h
-- Installing: /home/cigarier/Desktop/Mp2-BwManagementApi/src/mp2/external/include/pistache/cookie.h
-- Installing: /home/cigarier/Desktop/Mp2-BwManagementApi/src/mp2/external/include/pistache/prototype.h
-- Installing: /home/cigarier/Desktop/Mp2-BwManagementApi/src/mp2/external/lib/libpistache.a
-- Installing: /home/cigarier/Desktop/Mp2-BwManagementApi/src/mp2/external/lib/cmake/pistache/PistacheTargets.cmake
-- Installing: /home/cigarier/Desktop/Mp2-BwManagementApi/src/mp2/external/lib/cmake/pistache/PistacheTargets-release.cmake
-- Installing: /home/cigarier/Desktop/Mp2-BwManagementApi/src/mp2/external/lib/cmake/pistache/PistacheConfig.cmake
[ 26%] Completed 'PISTACHE'
[ 26%] Built target PISTACHE
Scanning dependencies of target NLOHMANN
[ 30%] Creating directories for 'NLOHMANN'
[ 33%] Performing download step (git clone) for 'NLOHMANN'
Cloning into 'NLOHMANN'...
Checking out files:  87% (1635/1879)   Checking out files:  88% (1654/1879)   Checking out files:  89% (1673/1879)   Checking out files:  90% (1692/1879)   Checking out files:  91% (1710/1879)   Checking out files:  92% (1729/1879)   Checking out files:  93% (1748/1879)   Checking out files:  94% (1767/1879)   Checking out files:  95% (1786/1879)   Checking out files:  96% (1804/1879)   Checking out files:  97% (1823/1879)   Checking out files:  98% (1842/1879)   Checking out files:  99% (1861/1879)   Checking out files: 100% (1879/1879)   Checking out files: 100% (1879/1879), done.
Switched to a new branch 'master'
Branch 'master' set up to track remote branch 'master' from 'origin'.
[ 36%] No patch step for 'NLOHMANN'
[ 40%] Performing update step for 'NLOHMANN'
Current branch master is up to date.
[ 43%] Performing configure step for 'NLOHMANN'
-- The CXX compiler identification is GNU 7.3.0
-- Check for working CXX compiler: /usr/bin/c++
-- Check for working CXX compiler: /usr/bin/c++ -- works
-- Detecting CXX compiler ABI info
-- Detecting CXX compiler ABI info - done
-- Detecting CXX compile features
-- Detecting CXX compile features - done
-- Using the single-header code from /home/cigarier/Desktop/Mp2-BwManagementApi/src/mp2/build/NLOHMANN-prefix/src/NLOHMANN/single_include/
-- Configuring done
-- Generating done
-- Build files have been written to: /home/cigarier/Desktop/Mp2-BwManagementApi/src/mp2/build/NLOHMANN-prefix/src/NLOHMANN-build
[ 46%] Performing build step for 'NLOHMANN'
Scanning dependencies of target catch_main
[  1%] Building CXX object test/CMakeFiles/catch_main.dir/src/unit.cpp.o
[  1%] Built target catch_main
Scanning dependencies of target test-items
[  2%] Building CXX object test/CMakeFiles/test-items.dir/src/unit-items.cpp.o
[  3%] Linking CXX executable test-items
[  3%] Built target test-items
Scanning dependencies of target test-regression
[  4%] Building CXX object test/CMakeFiles/test-regression.dir/src/unit-regression.cpp.o
[  6%] Linking CXX executable test-regression
[  6%] Built target test-regression
Scanning dependencies of target test-to_chars
[  7%] Building CXX object test/CMakeFiles/test-to_chars.dir/src/unit-to_chars.cpp.o
[  8%] Linking CXX executable test-to_chars
[  8%] Built target test-to_chars
Scanning dependencies of target test-element_access2
[  9%] Building CXX object test/CMakeFiles/test-element_access2.dir/src/unit-element_access2.cpp.o
[ 10%] Linking CXX executable test-element_access2
[ 10%] Built target test-element_access2
Scanning dependencies of target test-conversions
[ 12%] Building CXX object test/CMakeFiles/test-conversions.dir/src/unit-conversions.cpp.o
[ 13%] Linking CXX executable test-conversions
[ 13%] Built target test-conversions
Scanning dependencies of target test-testsuites
[ 14%] Building CXX object test/CMakeFiles/test-testsuites.dir/src/unit-testsuites.cpp.o
[ 15%] Linking CXX executable test-testsuites
[ 15%] Built target test-testsuites
Scanning dependencies of target test-deserialization
[ 16%] Building CXX object test/CMakeFiles/test-deserialization.dir/src/unit-deserialization.cpp.o
[ 18%] Linking CXX executable test-deserialization
[ 18%] Built target test-deserialization
Scanning dependencies of target test-pointer_access
[ 19%] Building CXX object test/CMakeFiles/test-pointer_access.dir/src/unit-pointer_access.cpp.o
[ 20%] Linking CXX executable test-pointer_access
[ 20%] Built target test-pointer_access
Scanning dependencies of target test-readme
[ 21%] Building CXX object test/CMakeFiles/test-readme.dir/src/unit-readme.cpp.o
[ 22%] Linking CXX executable test-readme
[ 22%] Built target test-readme
Scanning dependencies of target test-ubjson
[ 24%] Building CXX object test/CMakeFiles/test-ubjson.dir/src/unit-ubjson.cpp.o
[ 25%] Linking CXX executable test-ubjson
[ 25%] Built target test-ubjson
Scanning dependencies of target test-class_parser
[ 26%] Building CXX object test/CMakeFiles/test-class_parser.dir/src/unit-class_parser.cpp.o
[ 27%] Linking CXX executable test-class_parser
[ 27%] Built target test-class_parser
Scanning dependencies of target test-bson
[ 28%] Building CXX object test/CMakeFiles/test-bson.dir/src/unit-bson.cpp.o
[ 30%] Linking CXX executable test-bson
[ 30%] Built target test-bson
Scanning dependencies of target test-udt
[ 31%] Building CXX object test/CMakeFiles/test-udt.dir/src/unit-udt.cpp.o
[ 32%] Linking CXX executable test-udt
[ 32%] Built target test-udt
Scanning dependencies of target test-convenience
[ 33%] Building CXX object test/CMakeFiles/test-convenience.dir/src/unit-convenience.cpp.o
[ 34%] Linking CXX executable test-convenience
[ 34%] Built target test-convenience
Scanning dependencies of target test-class_iterator
[ 36%] Building CXX object test/CMakeFiles/test-class_iterator.dir/src/unit-class_iterator.cpp.o
[ 37%] Linking CXX executable test-class_iterator
[ 37%] Built target test-class_iterator
Scanning dependencies of target test-capacity
[ 38%] Building CXX object test/CMakeFiles/test-capacity.dir/src/unit-capacity.cpp.o
[ 39%] Linking CXX executable test-capacity
[ 39%] Built target test-capacity
Scanning dependencies of target test-noexcept
[ 40%] Building CXX object test/CMakeFiles/test-noexcept.dir/src/unit-noexcept.cpp.o
[ 42%] Linking CXX executable test-noexcept
[ 42%] Built target test-noexcept
Scanning dependencies of target test-element_access1
[ 43%] Building CXX object test/CMakeFiles/test-element_access1.dir/src/unit-element_access1.cpp.o
[ 44%] Linking CXX executable test-element_access1
[ 44%] Built target test-element_access1
Scanning dependencies of target test-class_const_iterator
[ 45%] Building CXX object test/CMakeFiles/test-class_const_iterator.dir/src/unit-class_const_iterator.cpp.o
[ 46%] Linking CXX executable test-class_const_iterator
[ 46%] Built target test-class_const_iterator
Scanning dependencies of target test-alt-string
[ 48%] Building CXX object test/CMakeFiles/test-alt-string.dir/src/unit-alt-string.cpp.o
[ 49%] Linking CXX executable test-alt-string
[ 49%] Built target test-alt-string
Scanning dependencies of target test-cbor
[ 50%] Building CXX object test/CMakeFiles/test-cbor.dir/src/unit-cbor.cpp.o
[ 51%] Linking CXX executable test-cbor
[ 51%] Built target test-cbor
Scanning dependencies of target test-class_lexer
[ 53%] Building CXX object test/CMakeFiles/test-class_lexer.dir/src/unit-class_lexer.cpp.o
[ 54%] Linking CXX executable test-class_lexer
[ 54%] Built target test-class_lexer
Scanning dependencies of target test-constructor2
[ 55%] Building CXX object test/CMakeFiles/test-constructor2.dir/src/unit-constructor2.cpp.o
[ 56%] Linking CXX executable test-constructor2
[ 56%] Built target test-constructor2
Scanning dependencies of target test-iterators2
[ 57%] Building CXX object test/CMakeFiles/test-iterators2.dir/src/unit-iterators2.cpp.o
[ 59%] Linking CXX executable test-iterators2
[ 59%] Built target test-iterators2
Scanning dependencies of target test-concepts
[ 60%] Building CXX object test/CMakeFiles/test-concepts.dir/src/unit-concepts.cpp.o
[ 61%] Linking CXX executable test-concepts
[ 61%] Built target test-concepts
Scanning dependencies of target test-serialization
[ 62%] Building CXX object test/CMakeFiles/test-serialization.dir/src/unit-serialization.cpp.o
[ 63%] Linking CXX executable test-serialization
[ 63%] Built target test-serialization
Scanning dependencies of target test-iterators1
[ 65%] Building CXX object test/CMakeFiles/test-iterators1.dir/src/unit-iterators1.cpp.o
[ 66%] Linking CXX executable test-iterators1
[ 66%] Built target test-iterators1
Scanning dependencies of target test-json_patch
[ 67%] Building CXX object test/CMakeFiles/test-json_patch.dir/src/unit-json_patch.cpp.o
[ 68%] Linking CXX executable test-json_patch
[ 68%] Built target test-json_patch
Scanning dependencies of target test-json_pointer
[ 69%] Building CXX object test/CMakeFiles/test-json_pointer.dir/src/unit-json_pointer.cpp.o
[ 71%] Linking CXX executable test-json_pointer
[ 71%] Built target test-json_pointer
Scanning dependencies of target test-meta
[ 72%] Building CXX object test/CMakeFiles/test-meta.dir/src/unit-meta.cpp.o
[ 73%] Linking CXX executable test-meta
[ 73%] Built target test-meta
Scanning dependencies of target test-allocator
[ 74%] Building CXX object test/CMakeFiles/test-allocator.dir/src/unit-allocator.cpp.o
[ 75%] Linking CXX executable test-allocator
[ 75%] Built target test-allocator
Scanning dependencies of target test-modifiers
[ 77%] Building CXX object test/CMakeFiles/test-modifiers.dir/src/unit-modifiers.cpp.o
[ 78%] Linking CXX executable test-modifiers
[ 78%] Built target test-modifiers
Scanning dependencies of target test-msgpack
[ 79%] Building CXX object test/CMakeFiles/test-msgpack.dir/src/unit-msgpack.cpp.o
[ 80%] Linking CXX executable test-msgpack
[ 80%] Built target test-msgpack
Scanning dependencies of target test-inspection
[ 81%] Building CXX object test/CMakeFiles/test-inspection.dir/src/unit-inspection.cpp.o
[ 83%] Linking CXX executable test-inspection
[ 83%] Built target test-inspection
Scanning dependencies of target test-reference_access
[ 84%] Building CXX object test/CMakeFiles/test-reference_access.dir/src/unit-reference_access.cpp.o
[ 85%] Linking CXX executable test-reference_access
[ 85%] Built target test-reference_access
Scanning dependencies of target test-unicode
[ 86%] Building CXX object test/CMakeFiles/test-unicode.dir/src/unit-unicode.cpp.o
[ 87%] Linking CXX executable test-unicode
[ 87%] Built target test-unicode
Scanning dependencies of target test-constructor1
[ 89%] Building CXX object test/CMakeFiles/test-constructor1.dir/src/unit-constructor1.cpp.o
[ 90%] Linking CXX executable test-constructor1
[ 90%] Built target test-constructor1
Scanning dependencies of target test-wstring
[ 91%] Building CXX object test/CMakeFiles/test-wstring.dir/src/unit-wstring.cpp.o
[ 92%] Linking CXX executable test-wstring
[ 92%] Built target test-wstring
Scanning dependencies of target test-comparison
[ 93%] Building CXX object test/CMakeFiles/test-comparison.dir/src/unit-comparison.cpp.o
[ 95%] Linking CXX executable test-comparison
[ 95%] Built target test-comparison
Scanning dependencies of target test-algorithms
[ 96%] Building CXX object test/CMakeFiles/test-algorithms.dir/src/unit-algorithms.cpp.o
[ 97%] Linking CXX executable test-algorithms
[ 97%] Built target test-algorithms
Scanning dependencies of target test-merge_patch
[ 98%] Building CXX object test/CMakeFiles/test-merge_patch.dir/src/unit-merge_patch.cpp.o
[100%] Linking CXX executable test-merge_patch
[100%] Built target test-merge_patch
[ 50%] Performing install step for 'NLOHMANN'
[  1%] Built target catch_main
[  3%] Built target test-items
[  6%] Built target test-regression
[  8%] Built target test-to_chars
[ 10%] Built target test-element_access2
[ 13%] Built target test-conversions
[ 15%] Built target test-testsuites
[ 18%] Built target test-deserialization
[ 20%] Built target test-pointer_access
[ 22%] Built target test-readme
[ 25%] Built target test-ubjson
[ 27%] Built target test-class_parser
[ 30%] Built target test-bson
[ 32%] Built target test-udt
[ 34%] Built target test-convenience
[ 37%] Built target test-class_iterator
[ 39%] Built target test-capacity
[ 42%] Built target test-noexcept
[ 44%] Built target test-element_access1
[ 46%] Built target test-class_const_iterator
[ 49%] Built target test-alt-string
[ 51%] Built target test-cbor
[ 54%] Built target test-class_lexer
[ 56%] Built target test-constructor2
[ 59%] Built target test-iterators2
[ 61%] Built target test-concepts
[ 63%] Built target test-serialization
[ 66%] Built target test-iterators1
[ 68%] Built target test-json_patch
[ 71%] Built target test-json_pointer
[ 73%] Built target test-meta
[ 75%] Built target test-allocator
[ 78%] Built target test-modifiers
[ 80%] Built target test-msgpack
[ 83%] Built target test-inspection
[ 85%] Built target test-reference_access
[ 87%] Built target test-unicode
[ 90%] Built target test-constructor1
[ 92%] Built target test-wstring
[ 95%] Built target test-comparison
[ 97%] Built target test-algorithms
[100%] Built target test-merge_patch
Install the project...
-- Install configuration: ""
-- Up-to-date: /home/cigarier/Desktop/Mp2-BwManagementApi/src/mp2/external/include
-- Up-to-date: /home/cigarier/Desktop/Mp2-BwManagementApi/src/mp2/external/include/nlohmann
-- Installing: /home/cigarier/Desktop/Mp2-BwManagementApi/src/mp2/external/include/nlohmann/json.hpp
-- Installing: /home/cigarier/Desktop/Mp2-BwManagementApi/src/mp2/external/lib/cmake/nlohmann_json/nlohmann_jsonConfig.cmake
-- Installing: /home/cigarier/Desktop/Mp2-BwManagementApi/src/mp2/external/lib/cmake/nlohmann_json/nlohmann_jsonConfigVersion.cmake
-- Installing: /home/cigarier/Desktop/Mp2-BwManagementApi/src/mp2/external/lib/cmake/nlohmann_json/nlohmann_jsonTargets.cmake
[ 53%] Completed 'NLOHMANN'
[ 53%] Built target NLOHMANN
Scanning dependencies of target api-server
[ 56%] Building CXX object CMakeFiles/api-server.dir/api/DefaultApi.cpp.o
[ 60%] Building CXX object CMakeFiles/api-server.dir/impl/DefaultApiImpl.cpp.o
[ 63%] Building CXX object CMakeFiles/api-server.dir/model/AllocationDirection.cpp.o
[ 66%] Building CXX object CMakeFiles/api-server.dir/model/BwInfo.cpp.o
[ 70%] Building CXX object CMakeFiles/api-server.dir/model/BwInfoDeltas.cpp.o
[ 73%] Building CXX object CMakeFiles/api-server.dir/model/FixedBWPriority.cpp.o
[ 76%] Building CXX object CMakeFiles/api-server.dir/model/Helpers.cpp.o
[ 80%] Building CXX object CMakeFiles/api-server.dir/model/ModelBase.cpp.o
[ 83%] Building CXX object CMakeFiles/api-server.dir/model/ProblemDetails.cpp.o
[ 86%] Building CXX object CMakeFiles/api-server.dir/model/RequestType.cpp.o
[ 90%] Building CXX object CMakeFiles/api-server.dir/model/SessionFilterElement.cpp.o
[ 93%] Building CXX object CMakeFiles/api-server.dir/model/TimeStamp.cpp.o
[ 96%] Building CXX object CMakeFiles/api-server.dir/mp2-api-server.cpp.o
[100%] Linking CXX executable api-server
[100%] Built target api-server
